Archive member included because of file (symbol)

/usr/lib/gcc/avr/4.8.2/avr5/libgcc.a(_exit.o)
                              /usr/lib/gcc/avr/4.8.2/../../../avr/lib/avr5/crtm32.o (exit)
/usr/lib/gcc/avr/4.8.2/avr5/libgcc.a(_copy_data.o)
                              src/rfm69c.o (__do_copy_data)
/usr/lib/gcc/avr/4.8.2/avr5/libgcc.a(_clear_bss.o)
                              src/timer2.o (__do_clear_bss)
/usr/lib/gcc/avr/4.8.2/../../../avr/lib/avr5/libc.a(fdevopen.o)
                              src/lcd.o (fdevopen)
/usr/lib/gcc/avr/4.8.2/../../../avr/lib/avr5/libc.a(iob.o)
                              /usr/lib/gcc/avr/4.8.2/../../../avr/lib/avr5/libc.a(fdevopen.o) (__iob)
/usr/lib/gcc/avr/4.8.2/../../../avr/lib/avr5/libc.a(printf.o)
                              src/transceiver.o (printf)
/usr/lib/gcc/avr/4.8.2/../../../avr/lib/avr5/libc.a(putchar.o)
                              src/transceiver.o (putchar)
/usr/lib/gcc/avr/4.8.2/../../../avr/lib/avr5/libc.a(vfprintf_std.o)
                              /usr/lib/gcc/avr/4.8.2/../../../avr/lib/avr5/libc.a(printf.o) (vfprintf)
/usr/lib/gcc/avr/4.8.2/../../../avr/lib/avr5/libc.a(calloc.o)
                              /usr/lib/gcc/avr/4.8.2/../../../avr/lib/avr5/libc.a(fdevopen.o) (calloc)
/usr/lib/gcc/avr/4.8.2/../../../avr/lib/avr5/libc.a(malloc.o)
                              /usr/lib/gcc/avr/4.8.2/../../../avr/lib/avr5/libc.a(calloc.o) (malloc)
/usr/lib/gcc/avr/4.8.2/../../../avr/lib/avr5/libc.a(strnlen_P.o)
                              /usr/lib/gcc/avr/4.8.2/../../../avr/lib/avr5/libc.a(vfprintf_std.o) (strnlen_P)
/usr/lib/gcc/avr/4.8.2/../../../avr/lib/avr5/libc.a(memset.o)
                              /usr/lib/gcc/avr/4.8.2/../../../avr/lib/avr5/libc.a(calloc.o) (memset)
/usr/lib/gcc/avr/4.8.2/../../../avr/lib/avr5/libc.a(strnlen.o)
                              /usr/lib/gcc/avr/4.8.2/../../../avr/lib/avr5/libc.a(vfprintf_std.o) (strnlen)
/usr/lib/gcc/avr/4.8.2/../../../avr/lib/avr5/libc.a(fputc.o)
                              /usr/lib/gcc/avr/4.8.2/../../../avr/lib/avr5/libc.a(putchar.o) (fputc)
/usr/lib/gcc/avr/4.8.2/../../../avr/lib/avr5/libc.a(ultoa_invert.o)
                              /usr/lib/gcc/avr/4.8.2/../../../avr/lib/avr5/libc.a(vfprintf_std.o) (__ultoa_invert)
/usr/lib/gcc/avr/4.8.2/avr5/libgcc.a(_prologue.o)
                              /usr/lib/gcc/avr/4.8.2/../../../avr/lib/avr5/libc.a(printf.o) (__prologue_saves__)
/usr/lib/gcc/avr/4.8.2/avr5/libgcc.a(_epilogue.o)
                              /usr/lib/gcc/avr/4.8.2/../../../avr/lib/avr5/libc.a(printf.o) (__epilogue_restores__)

Allocating common symbols
Common symbol       size              file

msg_received        0x1               src/transceiver.o
__brkval            0x2               /usr/lib/gcc/avr/4.8.2/../../../avr/lib/avr5/libc.a(malloc.o)
msg_sent            0x1               src/transceiver.o
message             0x10              src/transceiver.o
id                  0x1               src/rfm69c.o
current_letter      0x1               src/transceiver.o
msg_inputted        0x1               src/transceiver.o
counter             0x4               src/timer2.o
entry_mode          0x1               src/transceiver.o
currentMode         0x1               src/rfm69c.o
__flp               0x2               /usr/lib/gcc/avr/4.8.2/../../../avr/lib/avr5/libc.a(malloc.o)
__iob               0x6               /usr/lib/gcc/avr/4.8.2/../../../avr/lib/avr5/libc.a(iob.o)

↵
Speichereinrichtung
↵

Name             Ursprung           Länge             Eigenschaften
text             0x0000000000000000 0x0000000000020000 xr
data             0x0000000000800060 0x000000000000ffa0 rw !x
eeprom           0x0000000000810000 0x0000000000010000 rw !x
fuse             0x0000000000820000 0x0000000000000400 rw !x
lock             0x0000000000830000 0x0000000000000400 rw !x
signature        0x0000000000840000 0x0000000000000400 rw !x
user_signatures  0x0000000000850000 0x0000000000000400 rw !x
*default*        0x0000000000000000 0xffffffffffffffff

Linker script and memory map

LOAD /usr/lib/gcc/avr/4.8.2/../../../avr/lib/avr5/crtm32.o
LOAD src/led.o
LOAD src/timer0.o
LOAD src/timer2.o
LOAD src/lcd.o
LOAD src/encoder.o
LOAD src/spi.o
LOAD src/rfm69c.o
LOAD src/transceiver.o
LOAD src/Mikrocontrolle.o
START GROUP
LOAD /usr/lib/gcc/avr/4.8.2/avr5/libgcc.a
LOAD /usr/lib/gcc/avr/4.8.2/../../../avr/lib/avr5/libm.a
LOAD /usr/lib/gcc/avr/4.8.2/../../../avr/lib/avr5/libc.a
END GROUP

.hash
 *(.hash)

.dynsym
 *(.dynsym)

.dynstr
 *(.dynstr)

.gnu.version
 *(.gnu.version)

.gnu.version_d
 *(.gnu.version_d)

.gnu.version_r
 *(.gnu.version_r)

.rel.init
 *(.rel.init)

.rela.init
 *(.rela.init)

.rel.text
 *(.rel.text)
 *(.rel.text.*)
 *(.rel.gnu.linkonce.t*)

.rela.text
 *(.rela.text)
 *(.rela.text.*)
 *(.rela.gnu.linkonce.t*)

.rel.fini
 *(.rel.fini)

.rela.fini
 *(.rela.fini)

.rel.rodata
 *(.rel.rodata)
 *(.rel.rodata.*)
 *(.rel.gnu.linkonce.r*)

.rela.rodata
 *(.rela.rodata)
 *(.rela.rodata.*)
 *(.rela.gnu.linkonce.r*)

.rel.data
 *(.rel.data)
 *(.rel.data.*)
 *(.rel.gnu.linkonce.d*)

.rela.data
 *(.rela.data)
 *(.rela.data.*)
 *(.rela.gnu.linkonce.d*)

.rel.ctors
 *(.rel.ctors)

.rela.ctors
 *(.rela.ctors)

.rel.dtors
 *(.rel.dtors)

.rela.dtors
 *(.rela.dtors)

.rel.got
 *(.rel.got)

.rela.got
 *(.rela.got)

.rel.bss
 *(.rel.bss)

.rela.bss
 *(.rela.bss)

.rel.plt
 *(.rel.plt)

.rela.plt
 *(.rela.plt)

.text           0x0000000000000000     0x22f0
 *(.vectors)
 .vectors       0x0000000000000000       0x54 /usr/lib/gcc/avr/4.8.2/../../../avr/lib/avr5/crtm32.o
                0x0000000000000000                __vectors
                0x0000000000000000                __vector_default
 *(.vectors)
 *(.progmem.gcc*)
 *(.progmem*)
                0x0000000000000054                . = ALIGN (0x2)
                0x0000000000000054                __trampolines_start = .
 *(.trampolines)
 .trampolines   0x0000000000000054        0x0 linker stubs
 *(.trampolines*)
                0x0000000000000054                __trampolines_end = .
 *(.jumptables)
 *(.jumptables*)
 *(.lowtext)
 *(.lowtext*)
                0x0000000000000054                __ctors_start = .
 *(.ctors)
                0x0000000000000054                __ctors_end = .
                0x0000000000000054                __dtors_start = .
 *(.dtors)
                0x0000000000000054                __dtors_end = .
 SORT(*)(.ctors)
 SORT(*)(.dtors)
 *(.init0)
 .init0         0x0000000000000054        0x0 /usr/lib/gcc/avr/4.8.2/../../../avr/lib/avr5/crtm32.o
                0x0000000000000054                __init
 *(.init0)
 *(.init1)
 *(.init1)
 *(.init2)
 .init2         0x0000000000000054        0xc /usr/lib/gcc/avr/4.8.2/../../../avr/lib/avr5/crtm32.o
 *(.init2)
 *(.init3)
 *(.init3)
 *(.init4)
 .init4         0x0000000000000060       0x16 /usr/lib/gcc/avr/4.8.2/avr5/libgcc.a(_copy_data.o)
                0x0000000000000060                __do_copy_data
 .init4         0x0000000000000076       0x10 /usr/lib/gcc/avr/4.8.2/avr5/libgcc.a(_clear_bss.o)
                0x0000000000000076                __do_clear_bss
 *(.init4)
 *(.init5)
 *(.init5)
 *(.init6)
 *(.init6)
 *(.init7)
 *(.init7)
 *(.init8)
 *(.init8)
 *(.init9)
 .init9         0x0000000000000086        0x8 /usr/lib/gcc/avr/4.8.2/../../../avr/lib/avr5/crtm32.o
 *(.init9)
 *(.text)
 .text          0x000000000000008e        0x4 /usr/lib/gcc/avr/4.8.2/../../../avr/lib/avr5/crtm32.o
                0x000000000000008e                __vector_12
                0x000000000000008e                __bad_interrupt
                0x000000000000008e                __vector_6
                0x000000000000008e                __vector_11
                0x000000000000008e                __vector_13
                0x000000000000008e                __vector_17
                0x000000000000008e                __vector_19
                0x000000000000008e                __vector_7
                0x000000000000008e                __vector_5
                0x000000000000008e                __vector_9
                0x000000000000008e                __vector_15
                0x000000000000008e                __vector_8
                0x000000000000008e                __vector_14
                0x000000000000008e                __vector_10
                0x000000000000008e                __vector_16
                0x000000000000008e                __vector_18
                0x000000000000008e                __vector_20
 .text          0x0000000000000092      0x266 src/led.o
                0x0000000000000092                led_init
                0x00000000000000c4                led_red
                0x000000000000015c                led_green
                0x00000000000001f2                led_off
                0x000000000000028a                led_toggle
 .text          0x00000000000002f8       0x44 src/timer0.o
                0x00000000000002f8                timer0_init
 .text          0x000000000000033c      0x190 src/timer2.o
                0x000000000000033c                timer2_init
                0x00000000000003de                timer2_get
                0x0000000000000400                timer2_wait
                0x0000000000000472                __vector_4
 .text          0x00000000000004cc      0x3fe src/lcd.o
                0x00000000000004cc                lcd_en_write
                0x0000000000000516                lcd_writeNibble
                0x0000000000000564                lcd_writeByte
                0x00000000000005f6                lcd_writeCommand
                0x000000000000062e                lcd_writeData
                0x0000000000000666                lcd_init
                0x0000000000000750                lcd_putChar
                0x0000000000000852                lcd_locate
                0x00000000000008a6                lcd_clear
 .text          0x00000000000008ca      0x35a src/encoder.o
                0x00000000000008ca                encoder_INT0_init
                0x0000000000000934                encoder_INT1_init
                0x000000000000099e                encoder_press_time
                0x00000000000009da                encoder_clear
                0x0000000000000a1c                encoder_get_turn
                0x0000000000000a3e                encoder_get_clockwise
                0x0000000000000a50                encoder_get_anticlockwise
                0x0000000000000a62                encoder_get_pressflag
                0x0000000000000a74                encoder_get_longpressflag
                0x0000000000000a86                __vector_1
                0x0000000000000b4e                __vector_2
 .text          0x0000000000000c24       0xf0 src/spi.o
                0x0000000000000c24                SPI_Initialize
                0x0000000000000c80                SPI_Transmission
                0x0000000000000d02                SPI_IsEnabled
 .text          0x0000000000000d14      0x672 src/rfm69c.o
                0x0000000000000d14                RFM_Initialize
                0x0000000000000e80                RFM_Send
                0x0000000000000f08                RFM_GetRxPacket
                0x0000000000000faa                RFM_RxMode
                0x000000000000101a                RFM_TxMode
                0x0000000000001070                RFM_StandbyMode
                0x00000000000010a8                RFM_GetMode
                0x00000000000010ba                RFM_RSSIValue
                0x0000000000001100                RFM_GetNodeAddress
                0x0000000000001112                RFM_ReadByte
                0x000000000000112c                readFrom
                0x0000000000001164                writeTo
                0x000000000000119c                dataExchange
                0x00000000000011d6                writeByte
                0x00000000000011fe                write16
                0x0000000000001240                writeBurst
                0x0000000000001272                readByte
                0x000000000000129a                readBurst
                0x00000000000012cc                testSPI
 .text          0x0000000000001386      0x66e src/transceiver.o
                0x0000000000001386                transceiver_init
                0x0000000000001404                transceiver_entryMode
                0x000000000000145c                transceiver_run
                0x00000000000014a8                transceiver_receiveMsg
                0x0000000000001584                transceiver_sendMsg
                0x000000000000162a                transceiver_sendFinish
                0x0000000000001672                switch_to_receiveMode
                0x0000000000001694                transceiver_input_msg
                0x0000000000001910                clear_flag
                0x0000000000001922                transceiver_clear
                0x0000000000001954                transceiver_get_msg
                0x0000000000001966                transceiver_get_flag
                0x0000000000001978                __vector_3
 .text          0x00000000000019f4       0x3a src/Mikrocontrolle.o
                0x00000000000019f4                main
 .text          0x0000000000001a2e        0x0 /usr/lib/gcc/avr/4.8.2/avr5/libgcc.a(_exit.o)
 .text          0x0000000000001a2e        0x0 /usr/lib/gcc/avr/4.8.2/avr5/libgcc.a(_copy_data.o)
 .text          0x0000000000001a2e        0x0 /usr/lib/gcc/avr/4.8.2/avr5/libgcc.a(_clear_bss.o)
 .text          0x0000000000001a2e        0x0 /usr/lib/gcc/avr/4.8.2/../../../avr/lib/avr5/libc.a(fdevopen.o)
 .text          0x0000000000001a2e        0x0 /usr/lib/gcc/avr/4.8.2/../../../avr/lib/avr5/libc.a(iob.o)
 .text          0x0000000000001a2e        0x0 /usr/lib/gcc/avr/4.8.2/../../../avr/lib/avr5/libc.a(printf.o)
 .text          0x0000000000001a2e        0x0 /usr/lib/gcc/avr/4.8.2/../../../avr/lib/avr5/libc.a(putchar.o)
 .text          0x0000000000001a2e        0x0 /usr/lib/gcc/avr/4.8.2/../../../avr/lib/avr5/libc.a(vfprintf_std.o)
 .text          0x0000000000001a2e        0x0 /usr/lib/gcc/avr/4.8.2/../../../avr/lib/avr5/libc.a(calloc.o)
 .text          0x0000000000001a2e        0x0 /usr/lib/gcc/avr/4.8.2/../../../avr/lib/avr5/libc.a(malloc.o)
 .text          0x0000000000001a2e        0x0 /usr/lib/gcc/avr/4.8.2/../../../avr/lib/avr5/libc.a(strnlen_P.o)
 .text          0x0000000000001a2e        0x0 /usr/lib/gcc/avr/4.8.2/../../../avr/lib/avr5/libc.a(memset.o)
 .text          0x0000000000001a2e        0x0 /usr/lib/gcc/avr/4.8.2/../../../avr/lib/avr5/libc.a(strnlen.o)
 .text          0x0000000000001a2e        0x0 /usr/lib/gcc/avr/4.8.2/../../../avr/lib/avr5/libc.a(fputc.o)
 .text          0x0000000000001a2e        0x0 /usr/lib/gcc/avr/4.8.2/../../../avr/lib/avr5/libc.a(ultoa_invert.o)
 .text          0x0000000000001a2e        0x0 /usr/lib/gcc/avr/4.8.2/avr5/libgcc.a(_prologue.o)
 .text          0x0000000000001a2e        0x0 /usr/lib/gcc/avr/4.8.2/avr5/libgcc.a(_epilogue.o)
                0x0000000000001a2e                . = ALIGN (0x2)
 *(.text.*)
 .text.libgcc.mul
                0x0000000000001a2e        0x0 /usr/lib/gcc/avr/4.8.2/avr5/libgcc.a(_exit.o)
 .text.libgcc.div
                0x0000000000001a2e        0x0 /usr/lib/gcc/avr/4.8.2/avr5/libgcc.a(_exit.o)
 .text.libgcc   0x0000000000001a2e        0x0 /usr/lib/gcc/avr/4.8.2/avr5/libgcc.a(_exit.o)
 .text.libgcc.prologue
                0x0000000000001a2e        0x0 /usr/lib/gcc/avr/4.8.2/avr5/libgcc.a(_exit.o)
 .text.libgcc.builtins
                0x0000000000001a2e        0x0 /usr/lib/gcc/avr/4.8.2/avr5/libgcc.a(_exit.o)
 .text.libgcc.fmul
                0x0000000000001a2e        0x0 /usr/lib/gcc/avr/4.8.2/avr5/libgcc.a(_exit.o)
 .text.libgcc.fixed
                0x0000000000001a2e        0x0 /usr/lib/gcc/avr/4.8.2/avr5/libgcc.a(_exit.o)
 .text.libgcc.mul
                0x0000000000001a2e        0x0 /usr/lib/gcc/avr/4.8.2/avr5/libgcc.a(_copy_data.o)
 .text.libgcc.div
                0x0000000000001a2e        0x0 /usr/lib/gcc/avr/4.8.2/avr5/libgcc.a(_copy_data.o)
 .text.libgcc   0x0000000000001a2e        0x0 /usr/lib/gcc/avr/4.8.2/avr5/libgcc.a(_copy_data.o)
 .text.libgcc.prologue
                0x0000000000001a2e        0x0 /usr/lib/gcc/avr/4.8.2/avr5/libgcc.a(_copy_data.o)
 .text.libgcc.builtins
                0x0000000000001a2e        0x0 /usr/lib/gcc/avr/4.8.2/avr5/libgcc.a(_copy_data.o)
 .text.libgcc.fmul
                0x0000000000001a2e        0x0 /usr/lib/gcc/avr/4.8.2/avr5/libgcc.a(_copy_data.o)
 .text.libgcc.fixed
                0x0000000000001a2e        0x0 /usr/lib/gcc/avr/4.8.2/avr5/libgcc.a(_copy_data.o)
 .text.libgcc.mul
                0x0000000000001a2e        0x0 /usr/lib/gcc/avr/4.8.2/avr5/libgcc.a(_clear_bss.o)
 .text.libgcc.div
                0x0000000000001a2e        0x0 /usr/lib/gcc/avr/4.8.2/avr5/libgcc.a(_clear_bss.o)
 .text.libgcc   0x0000000000001a2e        0x0 /usr/lib/gcc/avr/4.8.2/avr5/libgcc.a(_clear_bss.o)
 .text.libgcc.prologue
                0x0000000000001a2e        0x0 /usr/lib/gcc/avr/4.8.2/avr5/libgcc.a(_clear_bss.o)
 .text.libgcc.builtins
                0x0000000000001a2e        0x0 /usr/lib/gcc/avr/4.8.2/avr5/libgcc.a(_clear_bss.o)
 .text.libgcc.fmul
                0x0000000000001a2e        0x0 /usr/lib/gcc/avr/4.8.2/avr5/libgcc.a(_clear_bss.o)
 .text.libgcc.fixed
                0x0000000000001a2e        0x0 /usr/lib/gcc/avr/4.8.2/avr5/libgcc.a(_clear_bss.o)
 .text.avr-libc
                0x0000000000001a2e       0x96 /usr/lib/gcc/avr/4.8.2/../../../avr/lib/avr5/libc.a(fdevopen.o)
                0x0000000000001a2e                fdevopen
 .text.avr-libc
                0x0000000000001ac4       0x28 /usr/lib/gcc/avr/4.8.2/../../../avr/lib/avr5/libc.a(printf.o)
                0x0000000000001ac4                printf
 .text.avr-libc
                0x0000000000001aec        0xe /usr/lib/gcc/avr/4.8.2/../../../avr/lib/avr5/libc.a(putchar.o)
                0x0000000000001aec                putchar
 .text.avr-libc
                0x0000000000001afa      0x3a4 /usr/lib/gcc/avr/4.8.2/../../../avr/lib/avr5/libc.a(vfprintf_std.o)
                0x0000000000001afa                vfprintf
 .text.avr-libc
                0x0000000000001e9e       0x38 /usr/lib/gcc/avr/4.8.2/../../../avr/lib/avr5/libc.a(calloc.o)
                0x0000000000001e9e                calloc
 .text.avr-libc
                0x0000000000001ed6      0x24e /usr/lib/gcc/avr/4.8.2/../../../avr/lib/avr5/libc.a(malloc.o)
                0x0000000000001ed6                malloc
                0x0000000000002006                free
 .text.avr-libc
                0x0000000000002124       0x16 /usr/lib/gcc/avr/4.8.2/../../../avr/lib/avr5/libc.a(strnlen_P.o)
                0x0000000000002124                strnlen_P
 .text.avr-libc
                0x000000000000213a        0xe /usr/lib/gcc/avr/4.8.2/../../../avr/lib/avr5/libc.a(memset.o)
                0x000000000000213a                memset
 .text.avr-libc
                0x0000000000002148       0x16 /usr/lib/gcc/avr/4.8.2/../../../avr/lib/avr5/libc.a(strnlen.o)
                0x0000000000002148                strnlen
 .text.avr-libc
                0x000000000000215e       0x64 /usr/lib/gcc/avr/4.8.2/../../../avr/lib/avr5/libc.a(fputc.o)
                0x000000000000215e                fputc
 .text.avr-libc
                0x00000000000021c2       0xbc /usr/lib/gcc/avr/4.8.2/../../../avr/lib/avr5/libc.a(ultoa_invert.o)
                0x00000000000021c2                __ultoa_invert
 .text.libgcc.mul
                0x000000000000227e        0x0 /usr/lib/gcc/avr/4.8.2/avr5/libgcc.a(_prologue.o)
 .text.libgcc.div
                0x000000000000227e        0x0 /usr/lib/gcc/avr/4.8.2/avr5/libgcc.a(_prologue.o)
 .text.libgcc   0x000000000000227e        0x0 /usr/lib/gcc/avr/4.8.2/avr5/libgcc.a(_prologue.o)
 .text.libgcc.prologue
                0x000000000000227e       0x38 /usr/lib/gcc/avr/4.8.2/avr5/libgcc.a(_prologue.o)
                0x000000000000227e                __prologue_saves__
 .text.libgcc.builtins
                0x00000000000022b6        0x0 /usr/lib/gcc/avr/4.8.2/avr5/libgcc.a(_prologue.o)
 .text.libgcc.fmul
                0x00000000000022b6        0x0 /usr/lib/gcc/avr/4.8.2/avr5/libgcc.a(_prologue.o)
 .text.libgcc.fixed
                0x00000000000022b6        0x0 /usr/lib/gcc/avr/4.8.2/avr5/libgcc.a(_prologue.o)
 .text.libgcc.mul
                0x00000000000022b6        0x0 /usr/lib/gcc/avr/4.8.2/avr5/libgcc.a(_epilogue.o)
 .text.libgcc.div
                0x00000000000022b6        0x0 /usr/lib/gcc/avr/4.8.2/avr5/libgcc.a(_epilogue.o)
 .text.libgcc   0x00000000000022b6        0x0 /usr/lib/gcc/avr/4.8.2/avr5/libgcc.a(_epilogue.o)
 .text.libgcc.prologue
                0x00000000000022b6       0x36 /usr/lib/gcc/avr/4.8.2/avr5/libgcc.a(_epilogue.o)
                0x00000000000022b6                __epilogue_restores__
 .text.libgcc.builtins
                0x00000000000022ec        0x0 /usr/lib/gcc/avr/4.8.2/avr5/libgcc.a(_epilogue.o)
 .text.libgcc.fmul
                0x00000000000022ec        0x0 /usr/lib/gcc/avr/4.8.2/avr5/libgcc.a(_epilogue.o)
 .text.libgcc.fixed
                0x00000000000022ec        0x0 /usr/lib/gcc/avr/4.8.2/avr5/libgcc.a(_epilogue.o)
                0x00000000000022ec                . = ALIGN (0x2)
 *(.fini9)
 .fini9         0x00000000000022ec        0x0 /usr/lib/gcc/avr/4.8.2/avr5/libgcc.a(_exit.o)
                0x00000000000022ec                exit
                0x00000000000022ec                _exit
 *(.fini9)
 *(.fini8)
 *(.fini8)
 *(.fini7)
 *(.fini7)
 *(.fini6)
 *(.fini6)
 *(.fini5)
 *(.fini5)
 *(.fini4)
 *(.fini4)
 *(.fini3)
 *(.fini3)
 *(.fini2)
 *(.fini2)
 *(.fini1)
 *(.fini1)
 *(.fini0)
 .fini0         0x00000000000022ec        0x4 /usr/lib/gcc/avr/4.8.2/avr5/libgcc.a(_exit.o)
 *(.fini0)
                0x00000000000022f0                _etext = .

.data           0x0000000000800060       0x7c load address 0x00000000000022f0
                0x0000000000800060                PROVIDE (__data_start, .)
 *(.data)
 .data          0x0000000000800060        0x0 /usr/lib/gcc/avr/4.8.2/../../../avr/lib/avr5/crtm32.o
 .data          0x0000000000800060        0x0 src/led.o
 .data          0x0000000000800060        0x0 src/timer0.o
 .data          0x0000000000800060        0x0 src/timer2.o
 .data          0x0000000000800060        0x0 src/lcd.o
 .data          0x0000000000800060        0x0 src/encoder.o
 .data          0x0000000000800060        0x0 src/spi.o
 .data          0x0000000000800060        0x0 src/rfm69c.o
 .data          0x0000000000800060        0x0 src/transceiver.o
 .data          0x0000000000800060        0x0 src/Mikrocontrolle.o
 .data          0x0000000000800060        0x0 /usr/lib/gcc/avr/4.8.2/avr5/libgcc.a(_exit.o)
 .data          0x0000000000800060        0x0 /usr/lib/gcc/avr/4.8.2/avr5/libgcc.a(_copy_data.o)
 .data          0x0000000000800060        0x0 /usr/lib/gcc/avr/4.8.2/avr5/libgcc.a(_clear_bss.o)
 .data          0x0000000000800060        0x0 /usr/lib/gcc/avr/4.8.2/../../../avr/lib/avr5/libc.a(fdevopen.o)
 .data          0x0000000000800060        0x0 /usr/lib/gcc/avr/4.8.2/../../../avr/lib/avr5/libc.a(iob.o)
 .data          0x0000000000800060        0x0 /usr/lib/gcc/avr/4.8.2/../../../avr/lib/avr5/libc.a(printf.o)
 .data          0x0000000000800060        0x0 /usr/lib/gcc/avr/4.8.2/../../../avr/lib/avr5/libc.a(putchar.o)
 .data          0x0000000000800060        0x0 /usr/lib/gcc/avr/4.8.2/../../../avr/lib/avr5/libc.a(vfprintf_std.o)
 .data          0x0000000000800060        0x0 /usr/lib/gcc/avr/4.8.2/../../../avr/lib/avr5/libc.a(calloc.o)
 .data          0x0000000000800060        0x6 /usr/lib/gcc/avr/4.8.2/../../../avr/lib/avr5/libc.a(malloc.o)
                0x0000000000800060                __malloc_heap_end
                0x0000000000800062                __malloc_heap_start
                0x0000000000800064                __malloc_margin
 .data          0x0000000000800066        0x0 /usr/lib/gcc/avr/4.8.2/../../../avr/lib/avr5/libc.a(strnlen_P.o)
 .data          0x0000000000800066        0x0 /usr/lib/gcc/avr/4.8.2/../../../avr/lib/avr5/libc.a(memset.o)
 .data          0x0000000000800066        0x0 /usr/lib/gcc/avr/4.8.2/../../../avr/lib/avr5/libc.a(strnlen.o)
 .data          0x0000000000800066        0x0 /usr/lib/gcc/avr/4.8.2/../../../avr/lib/avr5/libc.a(fputc.o)
 .data          0x0000000000800066        0x0 /usr/lib/gcc/avr/4.8.2/../../../avr/lib/avr5/libc.a(ultoa_invert.o)
 .data          0x0000000000800066        0x0 /usr/lib/gcc/avr/4.8.2/avr5/libgcc.a(_prologue.o)
 .data          0x0000000000800066        0x0 /usr/lib/gcc/avr/4.8.2/avr5/libgcc.a(_epilogue.o)
 *(.data*)
 *(.rodata)
 .rodata        0x0000000000800066       0x10 src/rfm69c.o
 .rodata        0x0000000000800076       0x63 src/transceiver.o
 .rodata        0x00000000008000d9        0x3 src/Mikrocontrolle.o
                0x00000000008000d9                receiver_id
                0x00000000008000da                own_id
                0x00000000008000db                out_power
 *(.rodata*)
 *(.gnu.linkonce.d*)
                0x00000000008000dc                . = ALIGN (0x2)
                0x00000000008000dc                _edata = .
                0x00000000008000dc                PROVIDE (__data_end, .)

.bss            0x00000000008000dc       0x51
                0x00000000008000dc                PROVIDE (__bss_start, .)
 *(.bss)
 .bss           0x00000000008000dc        0x0 /usr/lib/gcc/avr/4.8.2/../../../avr/lib/avr5/crtm32.o
 .bss           0x00000000008000dc        0x0 src/led.o
 .bss           0x00000000008000dc        0x0 src/timer0.o
 .bss           0x00000000008000dc        0x0 src/timer2.o
 .bss           0x00000000008000dc        0x2 src/lcd.o
                0x00000000008000dc                i
 .bss           0x00000000008000de       0x11 src/encoder.o
                0x00000000008000de                turn_count
                0x00000000008000e2                press_time
                0x00000000008000e6                press_duration
                0x00000000008000ea                clockwise
                0x00000000008000eb                anti_clockwise
                0x00000000008000ec                press_flag
                0x00000000008000ed                long_press_flag
                0x00000000008000ee                short_press_flag
 .bss           0x00000000008000ef        0x1 src/spi.o
                0x00000000008000ef                init_flag
 .bss           0x00000000008000f0       0x13 src/rfm69c.o
 .bss           0x0000000000800103        0x5 src/transceiver.o
                0x0000000000800103                trans_interrupt_flag
                0x0000000000800104                letter_number
                0x0000000000800106                row_location
                0x0000000000800107                col_location
 .bss           0x0000000000800108        0x0 src/Mikrocontrolle.o
 .bss           0x0000000000800108        0x0 /usr/lib/gcc/avr/4.8.2/avr5/libgcc.a(_exit.o)
 .bss           0x0000000000800108        0x0 /usr/lib/gcc/avr/4.8.2/avr5/libgcc.a(_copy_data.o)
 .bss           0x0000000000800108        0x0 /usr/lib/gcc/avr/4.8.2/avr5/libgcc.a(_clear_bss.o)
 .bss           0x0000000000800108        0x0 /usr/lib/gcc/avr/4.8.2/../../../avr/lib/avr5/libc.a(fdevopen.o)
 .bss           0x0000000000800108        0x0 /usr/lib/gcc/avr/4.8.2/../../../avr/lib/avr5/libc.a(iob.o)
 .bss           0x0000000000800108        0x0 /usr/lib/gcc/avr/4.8.2/../../../avr/lib/avr5/libc.a(printf.o)
 .bss           0x0000000000800108        0x0 /usr/lib/gcc/avr/4.8.2/../../../avr/lib/avr5/libc.a(putchar.o)
 .bss           0x0000000000800108        0x0 /usr/lib/gcc/avr/4.8.2/../../../avr/lib/avr5/libc.a(vfprintf_std.o)
 .bss           0x0000000000800108        0x0 /usr/lib/gcc/avr/4.8.2/../../../avr/lib/avr5/libc.a(calloc.o)
 .bss           0x0000000000800108        0x0 /usr/lib/gcc/avr/4.8.2/../../../avr/lib/avr5/libc.a(malloc.o)
 .bss           0x0000000000800108        0x0 /usr/lib/gcc/avr/4.8.2/../../../avr/lib/avr5/libc.a(strnlen_P.o)
 .bss           0x0000000000800108        0x0 /usr/lib/gcc/avr/4.8.2/../../../avr/lib/avr5/libc.a(memset.o)
 .bss           0x0000000000800108        0x0 /usr/lib/gcc/avr/4.8.2/../../../avr/lib/avr5/libc.a(strnlen.o)
 .bss           0x0000000000800108        0x0 /usr/lib/gcc/avr/4.8.2/../../../avr/lib/avr5/libc.a(fputc.o)
 .bss           0x0000000000800108        0x0 /usr/lib/gcc/avr/4.8.2/../../../avr/lib/avr5/libc.a(ultoa_invert.o)
 .bss           0x0000000000800108        0x0 /usr/lib/gcc/avr/4.8.2/avr5/libgcc.a(_prologue.o)
 .bss           0x0000000000800108        0x0 /usr/lib/gcc/avr/4.8.2/avr5/libgcc.a(_epilogue.o)
 *(.bss*)
 *(COMMON)
 COMMON         0x0000000000800108        0x4 src/timer2.o
                0x0000000000800108                counter
 COMMON         0x000000000080010c        0x2 src/rfm69c.o
                0x000000000080010c                id
                0x000000000080010d                currentMode
 COMMON         0x000000000080010e       0x15 src/transceiver.o
                0x000000000080010e                msg_received
                0x000000000080010f                msg_sent
                0x0000000000800110                message
                0x0000000000800120                current_letter
                0x0000000000800121                msg_inputted
                0x0000000000800122                entry_mode
 COMMON         0x0000000000800123        0x6 /usr/lib/gcc/avr/4.8.2/../../../avr/lib/avr5/libc.a(iob.o)
                0x0000000000800123                __iob
 COMMON         0x0000000000800129        0x4 /usr/lib/gcc/avr/4.8.2/../../../avr/lib/avr5/libc.a(malloc.o)
                0x0000000000800129                __brkval
                0x000000000080012b                __flp
                0x000000000080012d                PROVIDE (__bss_end, .)
                0x00000000000022f0                __data_load_start = LOADADDR (.data)
                0x000000000000236c                __data_load_end = (__data_load_start + SIZEOF (.data))

.noinit         0x000000000080012d        0x0
                0x000000000080012d                PROVIDE (__noinit_start, .)
 *(.noinit*)
                0x000000000080012d                PROVIDE (__noinit_end, .)
                0x000000000080012d                _end = .
                0x000000000080012d                PROVIDE (__heap_start, .)

.eeprom         0x0000000000810000        0x0
 *(.eeprom*)
                0x0000000000810000                __eeprom_end = .

.fuse
 *(.fuse)
 *(.lfuse)
 *(.hfuse)
 *(.efuse)

.lock
 *(.lock*)

.signature
 *(.signature*)

.user_signatures
 *(.user_signatures*)

.stab           0x0000000000000000     0x7cbc
 *(.stab)
 .stab          0x0000000000000000      0x6cc /usr/lib/gcc/avr/4.8.2/../../../avr/lib/avr5/crtm32.o
 .stab          0x00000000000006cc      0x69c src/led.o
                                        0x6a8 (size before relaxing)
 .stab          0x0000000000000d68      0x324 src/timer0.o
                                        0x4ec (size before relaxing)
 .stab          0x000000000000108c      0x4c8 src/timer2.o
                                        0x690 (size before relaxing)
 .stab          0x0000000000001554      0x99c src/lcd.o
                                        0xb64 (size before relaxing)
 .stab          0x0000000000001ef0      0x834 src/encoder.o
                                        0x9fc (size before relaxing)
 .stab          0x0000000000002724      0x4b0 src/spi.o
                                        0x6cc (size before relaxing)
 .stab          0x0000000000002bd4     0x11ac src/rfm69c.o
                                       0x13b0 (size before relaxing)
 .stab          0x0000000000003d80      0xdd4 src/transceiver.o
                                       0x105c (size before relaxing)
 .stab          0x0000000000004b54      0x3f0 src/Mikrocontrolle.o
                                        0x654 (size before relaxing)
 .stab          0x0000000000004f44      0x5d0 /usr/lib/gcc/avr/4.8.2/../../../avr/lib/avr5/libc.a(fdevopen.o)
                                        0x630 (size before relaxing)
 .stab          0x0000000000005514      0x2ac /usr/lib/gcc/avr/4.8.2/../../../avr/lib/avr5/libc.a(iob.o)
                                        0x48c (size before relaxing)
 .stab          0x00000000000057c0      0x30c /usr/lib/gcc/avr/4.8.2/../../../avr/lib/avr5/libc.a(printf.o)
                                        0x4ec (size before relaxing)
 .stab          0x0000000000005acc      0x300 /usr/lib/gcc/avr/4.8.2/../../../avr/lib/avr5/libc.a(putchar.o)
                                        0x4e0 (size before relaxing)
 .stab          0x0000000000005dcc      0xb58 /usr/lib/gcc/avr/4.8.2/../../../avr/lib/avr5/libc.a(vfprintf_std.o)
                                        0xd80 (size before relaxing)
 .stab          0x0000000000006924      0x318 /usr/lib/gcc/avr/4.8.2/../../../avr/lib/avr5/libc.a(calloc.o)
                                        0x378 (size before relaxing)
 .stab          0x0000000000006c3c      0x708 /usr/lib/gcc/avr/4.8.2/../../../avr/lib/avr5/libc.a(malloc.o)
                                        0x8e8 (size before relaxing)
 .stab          0x0000000000007344       0x9c /usr/lib/gcc/avr/4.8.2/../../../avr/lib/avr5/libc.a(strnlen_P.o)
                                         0xa8 (size before relaxing)
 .stab          0x00000000000073e0       0x6c /usr/lib/gcc/avr/4.8.2/../../../avr/lib/avr5/libc.a(memset.o)
                                         0x78 (size before relaxing)
 .stab          0x000000000000744c       0x9c /usr/lib/gcc/avr/4.8.2/../../../avr/lib/avr5/libc.a(strnlen.o)
                                         0xa8 (size before relaxing)
 .stab          0x00000000000074e8      0x354 /usr/lib/gcc/avr/4.8.2/../../../avr/lib/avr5/libc.a(fputc.o)
                                        0x534 (size before relaxing)
 .stab          0x000000000000783c      0x480 /usr/lib/gcc/avr/4.8.2/../../../avr/lib/avr5/libc.a(ultoa_invert.o)
                                        0x48c (size before relaxing)

.stabstr        0x0000000000000000     0x24c2
 *(.stabstr)
 .stabstr       0x0000000000000000     0x24c2 /usr/lib/gcc/avr/4.8.2/../../../avr/lib/avr5/crtm32.o

.stab.excl
 *(.stab.excl)

.stab.exclstr
 *(.stab.exclstr)

.stab.index
 *(.stab.index)

.stab.indexstr
 *(.stab.indexstr)

.comment        0x0000000000000000       0x11
 *(.comment)
 .comment       0x0000000000000000       0x11 src/led.o
                                         0x12 (size before relaxing)
 .comment       0x0000000000000000       0x12 src/timer0.o
 .comment       0x0000000000000000       0x12 src/timer2.o
 .comment       0x0000000000000000       0x12 src/lcd.o
 .comment       0x0000000000000000       0x12 src/encoder.o
 .comment       0x0000000000000000       0x12 src/spi.o
 .comment       0x0000000000000000       0x12 src/rfm69c.o
 .comment       0x0000000000000000       0x12 src/transceiver.o
 .comment       0x0000000000000000       0x12 src/Mikrocontrolle.o
 .comment       0x0000000000000000       0x12 /usr/lib/gcc/avr/4.8.2/../../../avr/lib/avr5/libc.a(fdevopen.o)
 .comment       0x0000000000000000       0x12 /usr/lib/gcc/avr/4.8.2/../../../avr/lib/avr5/libc.a(iob.o)
 .comment       0x0000000000000000       0x12 /usr/lib/gcc/avr/4.8.2/../../../avr/lib/avr5/libc.a(printf.o)
 .comment       0x0000000000000000       0x12 /usr/lib/gcc/avr/4.8.2/../../../avr/lib/avr5/libc.a(putchar.o)
 .comment       0x0000000000000000       0x12 /usr/lib/gcc/avr/4.8.2/../../../avr/lib/avr5/libc.a(vfprintf_std.o)
 .comment       0x0000000000000000       0x12 /usr/lib/gcc/avr/4.8.2/../../../avr/lib/avr5/libc.a(calloc.o)
 .comment       0x0000000000000000       0x12 /usr/lib/gcc/avr/4.8.2/../../../avr/lib/avr5/libc.a(malloc.o)
 .comment       0x0000000000000000       0x12 /usr/lib/gcc/avr/4.8.2/../../../avr/lib/avr5/libc.a(fputc.o)

.debug
 *(.debug)

.line
 *(.line)

.debug_srcinfo
 *(.debug_srcinfo)

.debug_sfnames
 *(.debug_sfnames)

.debug_aranges
 *(.debug_aranges)

.debug_pubnames
 *(.debug_pubnames)

.debug_info
 *(.debug_info)
 *(.gnu.linkonce.wi.*)

.debug_abbrev
 *(.debug_abbrev)

.debug_line
 *(.debug_line)

.debug_frame
 *(.debug_frame)

.debug_str
 *(.debug_str)

.debug_loc
 *(.debug_loc)

.debug_macinfo
 *(.debug_macinfo)

.debug_pubtypes
 *(.debug_pubtypes)

.debug_ranges
 *(.debug_ranges)

.debug_macro
 *(.debug_macro)
OUTPUT(Mikrocontrolle.elf elf32-avr)
LOAD linker stubs

Kreuzreferenz-Tabelle

Symbol                                            Datei
RFM_GetMode                                       src/rfm69c.o
                                                  src/transceiver.o
RFM_GetNodeAddress                                src/rfm69c.o
RFM_GetRxPacket                                   src/rfm69c.o
                                                  src/transceiver.o
RFM_Initialize                                    src/rfm69c.o
                                                  src/Mikrocontrolle.o
RFM_RSSIValue                                     src/rfm69c.o
RFM_ReadByte                                      src/rfm69c.o
RFM_RxMode                                        src/rfm69c.o
                                                  src/transceiver.o
RFM_Send                                          src/rfm69c.o
                                                  src/transceiver.o
RFM_StandbyMode                                   src/rfm69c.o
                                                  src/transceiver.o
RFM_TxMode                                        src/rfm69c.o
                                                  src/transceiver.o
SPI_Initialize                                    src/spi.o
                                                  src/Mikrocontrolle.o
                                                  src/rfm69c.o
SPI_IsEnabled                                     src/spi.o
                                                  src/rfm69c.o
SPI_Transmission                                  src/spi.o
                                                  src/rfm69c.o
__bad_interrupt                                   /usr/lib/gcc/avr/4.8.2/../../../avr/lib/avr5/crtm32.o
__brkval                                          /usr/lib/gcc/avr/4.8.2/../../../avr/lib/avr5/libc.a(malloc.o)
__bss_end                                         /usr/lib/gcc/avr/4.8.2/avr5/libgcc.a(_clear_bss.o)
__bss_start                                       /usr/lib/gcc/avr/4.8.2/avr5/libgcc.a(_clear_bss.o)
__data_end                                        /usr/lib/gcc/avr/4.8.2/avr5/libgcc.a(_copy_data.o)
__data_load_start                                 /usr/lib/gcc/avr/4.8.2/avr5/libgcc.a(_copy_data.o)
__data_start                                      /usr/lib/gcc/avr/4.8.2/avr5/libgcc.a(_copy_data.o)
__do_clear_bss                                    /usr/lib/gcc/avr/4.8.2/avr5/libgcc.a(_clear_bss.o)
                                                  /usr/lib/gcc/avr/4.8.2/../../../avr/lib/avr5/libc.a(malloc.o)
                                                  /usr/lib/gcc/avr/4.8.2/../../../avr/lib/avr5/libc.a(iob.o)
                                                  src/Mikrocontrolle.o
                                                  src/transceiver.o
                                                  src/rfm69c.o
                                                  src/spi.o
                                                  src/encoder.o
                                                  src/lcd.o
                                                  src/timer2.o
__do_copy_data                                    /usr/lib/gcc/avr/4.8.2/avr5/libgcc.a(_copy_data.o)
                                                  /usr/lib/gcc/avr/4.8.2/../../../avr/lib/avr5/libc.a(malloc.o)
                                                  src/Mikrocontrolle.o
                                                  src/transceiver.o
                                                  src/rfm69c.o
__epilogue_restores__                             /usr/lib/gcc/avr/4.8.2/avr5/libgcc.a(_epilogue.o)
                                                  /usr/lib/gcc/avr/4.8.2/../../../avr/lib/avr5/libc.a(vfprintf_std.o)
                                                  /usr/lib/gcc/avr/4.8.2/../../../avr/lib/avr5/libc.a(printf.o)
__flp                                             /usr/lib/gcc/avr/4.8.2/../../../avr/lib/avr5/libc.a(malloc.o)
__heap_end                                        /usr/lib/gcc/avr/4.8.2/../../../avr/lib/avr5/crtm32.o
                                                  /usr/lib/gcc/avr/4.8.2/../../../avr/lib/avr5/libc.a(malloc.o)
__heap_start                                      /usr/lib/gcc/avr/4.8.2/../../../avr/lib/avr5/libc.a(malloc.o)
__init                                            /usr/lib/gcc/avr/4.8.2/../../../avr/lib/avr5/crtm32.o
__iob                                             /usr/lib/gcc/avr/4.8.2/../../../avr/lib/avr5/libc.a(putchar.o)
                                                  /usr/lib/gcc/avr/4.8.2/../../../avr/lib/avr5/libc.a(printf.o)
                                                  /usr/lib/gcc/avr/4.8.2/../../../avr/lib/avr5/libc.a(iob.o)
                                                  /usr/lib/gcc/avr/4.8.2/../../../avr/lib/avr5/libc.a(fdevopen.o)
__malloc_heap_end                                 /usr/lib/gcc/avr/4.8.2/../../../avr/lib/avr5/libc.a(malloc.o)
__malloc_heap_start                               /usr/lib/gcc/avr/4.8.2/../../../avr/lib/avr5/libc.a(malloc.o)
__malloc_margin                                   /usr/lib/gcc/avr/4.8.2/../../../avr/lib/avr5/libc.a(malloc.o)
__prologue_saves__                                /usr/lib/gcc/avr/4.8.2/avr5/libgcc.a(_prologue.o)
                                                  /usr/lib/gcc/avr/4.8.2/../../../avr/lib/avr5/libc.a(vfprintf_std.o)
                                                  /usr/lib/gcc/avr/4.8.2/../../../avr/lib/avr5/libc.a(printf.o)
__stack                                           /usr/lib/gcc/avr/4.8.2/../../../avr/lib/avr5/crtm32.o
__ultoa_invert                                    /usr/lib/gcc/avr/4.8.2/../../../avr/lib/avr5/libc.a(ultoa_invert.o)
                                                  /usr/lib/gcc/avr/4.8.2/../../../avr/lib/avr5/libc.a(vfprintf_std.o)
__vector_1                                        src/encoder.o
                                                  /usr/lib/gcc/avr/4.8.2/../../../avr/lib/avr5/crtm32.o
__vector_10                                       /usr/lib/gcc/avr/4.8.2/../../../avr/lib/avr5/crtm32.o
__vector_11                                       /usr/lib/gcc/avr/4.8.2/../../../avr/lib/avr5/crtm32.o
__vector_12                                       /usr/lib/gcc/avr/4.8.2/../../../avr/lib/avr5/crtm32.o
__vector_13                                       /usr/lib/gcc/avr/4.8.2/../../../avr/lib/avr5/crtm32.o
__vector_14                                       /usr/lib/gcc/avr/4.8.2/../../../avr/lib/avr5/crtm32.o
__vector_15                                       /usr/lib/gcc/avr/4.8.2/../../../avr/lib/avr5/crtm32.o
__vector_16                                       /usr/lib/gcc/avr/4.8.2/../../../avr/lib/avr5/crtm32.o
__vector_17                                       /usr/lib/gcc/avr/4.8.2/../../../avr/lib/avr5/crtm32.o
__vector_18                                       /usr/lib/gcc/avr/4.8.2/../../../avr/lib/avr5/crtm32.o
__vector_19                                       /usr/lib/gcc/avr/4.8.2/../../../avr/lib/avr5/crtm32.o
__vector_2                                        src/encoder.o
                                                  /usr/lib/gcc/avr/4.8.2/../../../avr/lib/avr5/crtm32.o
__vector_20                                       /usr/lib/gcc/avr/4.8.2/../../../avr/lib/avr5/crtm32.o
__vector_3                                        src/transceiver.o
                                                  /usr/lib/gcc/avr/4.8.2/../../../avr/lib/avr5/crtm32.o
__vector_4                                        src/timer2.o
                                                  /usr/lib/gcc/avr/4.8.2/../../../avr/lib/avr5/crtm32.o
__vector_5                                        /usr/lib/gcc/avr/4.8.2/../../../avr/lib/avr5/crtm32.o
__vector_6                                        /usr/lib/gcc/avr/4.8.2/../../../avr/lib/avr5/crtm32.o
__vector_7                                        /usr/lib/gcc/avr/4.8.2/../../../avr/lib/avr5/crtm32.o
__vector_8                                        /usr/lib/gcc/avr/4.8.2/../../../avr/lib/avr5/crtm32.o
__vector_9                                        /usr/lib/gcc/avr/4.8.2/../../../avr/lib/avr5/crtm32.o
__vector_default                                  /usr/lib/gcc/avr/4.8.2/../../../avr/lib/avr5/crtm32.o
__vectors                                         /usr/lib/gcc/avr/4.8.2/../../../avr/lib/avr5/crtm32.o
_exit                                             /usr/lib/gcc/avr/4.8.2/avr5/libgcc.a(_exit.o)
anti_clockwise                                    src/encoder.o
calloc                                            /usr/lib/gcc/avr/4.8.2/../../../avr/lib/avr5/libc.a(calloc.o)
                                                  /usr/lib/gcc/avr/4.8.2/../../../avr/lib/avr5/libc.a(fdevopen.o)
clear_flag                                        src/transceiver.o
clockwise                                         src/encoder.o
col_location                                      src/transceiver.o
counter                                           src/Mikrocontrolle.o
                                                  src/transceiver.o
                                                  src/rfm69c.o
                                                  src/encoder.o
                                                  src/lcd.o
                                                  src/timer2.o
currentMode                                       src/rfm69c.o
current_letter                                    src/transceiver.o
dataExchange                                      src/rfm69c.o
encoder_INT0_init                                 src/encoder.o
                                                  src/Mikrocontrolle.o
encoder_INT1_init                                 src/encoder.o
                                                  src/Mikrocontrolle.o
encoder_clear                                     src/encoder.o
                                                  src/transceiver.o
encoder_get_anticlockwise                         src/encoder.o
                                                  src/transceiver.o
encoder_get_clockwise                             src/encoder.o
                                                  src/transceiver.o
encoder_get_longpressflag                         src/encoder.o
                                                  src/transceiver.o
encoder_get_pressflag                             src/encoder.o
                                                  src/transceiver.o
encoder_get_turn                                  src/encoder.o
encoder_press_time                                src/encoder.o
entry_mode                                        src/transceiver.o
exit                                              /usr/lib/gcc/avr/4.8.2/avr5/libgcc.a(_exit.o)
                                                  /usr/lib/gcc/avr/4.8.2/../../../avr/lib/avr5/crtm32.o
fdevopen                                          /usr/lib/gcc/avr/4.8.2/../../../avr/lib/avr5/libc.a(fdevopen.o)
                                                  src/lcd.o
fputc                                             /usr/lib/gcc/avr/4.8.2/../../../avr/lib/avr5/libc.a(fputc.o)
                                                  /usr/lib/gcc/avr/4.8.2/../../../avr/lib/avr5/libc.a(vfprintf_std.o)
                                                  /usr/lib/gcc/avr/4.8.2/../../../avr/lib/avr5/libc.a(putchar.o)
free                                              /usr/lib/gcc/avr/4.8.2/../../../avr/lib/avr5/libc.a(malloc.o)
i                                                 src/lcd.o
id                                                src/rfm69c.o
init_flag                                         src/spi.o
lcd_clear                                         src/lcd.o
                                                  src/transceiver.o
lcd_en_write                                      src/lcd.o
lcd_init                                          src/lcd.o
                                                  src/Mikrocontrolle.o
lcd_locate                                        src/lcd.o
                                                  src/transceiver.o
lcd_putChar                                       src/lcd.o
lcd_writeByte                                     src/lcd.o
lcd_writeCommand                                  src/lcd.o
lcd_writeData                                     src/lcd.o
lcd_writeNibble                                   src/lcd.o
led_green                                         src/led.o
led_init                                          src/led.o
                                                  src/Mikrocontrolle.o
led_off                                           src/led.o
led_red                                           src/led.o
led_toggle                                        src/led.o
                                                  src/transceiver.o
                                                  src/encoder.o
letter_number                                     src/transceiver.o
long_press_flag                                   src/encoder.o
main                                              src/Mikrocontrolle.o
                                                  /usr/lib/gcc/avr/4.8.2/../../../avr/lib/avr5/crtm32.o
malloc                                            /usr/lib/gcc/avr/4.8.2/../../../avr/lib/avr5/libc.a(malloc.o)
                                                  /usr/lib/gcc/avr/4.8.2/../../../avr/lib/avr5/libc.a(calloc.o)
memset                                            /usr/lib/gcc/avr/4.8.2/../../../avr/lib/avr5/libc.a(memset.o)
                                                  /usr/lib/gcc/avr/4.8.2/../../../avr/lib/avr5/libc.a(calloc.o)
message                                           src/transceiver.o
msg_inputted                                      src/transceiver.o
msg_received                                      src/transceiver.o
msg_sent                                          src/transceiver.o
out_power                                         src/Mikrocontrolle.o
own_id                                            src/Mikrocontrolle.o
press_duration                                    src/encoder.o
press_flag                                        src/encoder.o
press_time                                        src/encoder.o
printf                                            /usr/lib/gcc/avr/4.8.2/../../../avr/lib/avr5/libc.a(printf.o)
                                                  src/transceiver.o
putchar                                           /usr/lib/gcc/avr/4.8.2/../../../avr/lib/avr5/libc.a(putchar.o)
                                                  src/transceiver.o
readBurst                                         src/rfm69c.o
readByte                                          src/rfm69c.o
readFrom                                          src/rfm69c.o
receiver_id                                       src/Mikrocontrolle.o
row_location                                      src/transceiver.o
short_press_flag                                  src/encoder.o
strnlen                                           /usr/lib/gcc/avr/4.8.2/../../../avr/lib/avr5/libc.a(strnlen.o)
                                                  /usr/lib/gcc/avr/4.8.2/../../../avr/lib/avr5/libc.a(vfprintf_std.o)
strnlen_P                                         /usr/lib/gcc/avr/4.8.2/../../../avr/lib/avr5/libc.a(strnlen_P.o)
                                                  /usr/lib/gcc/avr/4.8.2/../../../avr/lib/avr5/libc.a(vfprintf_std.o)
switch_to_receiveMode                             src/transceiver.o
testSPI                                           src/rfm69c.o
timer0_init                                       src/timer0.o
                                                  src/Mikrocontrolle.o
timer2_get                                        src/timer2.o
                                                  src/encoder.o
timer2_init                                       src/timer2.o
                                                  src/Mikrocontrolle.o
timer2_wait                                       src/timer2.o
                                                  src/transceiver.o
                                                  src/rfm69c.o
                                                  src/lcd.o
trans_interrupt_flag                              src/transceiver.o
transceiver_clear                                 src/transceiver.o
transceiver_entryMode                             src/transceiver.o
transceiver_get_flag                              src/transceiver.o
transceiver_get_msg                               src/transceiver.o
transceiver_init                                  src/transceiver.o
                                                  src/Mikrocontrolle.o
transceiver_input_msg                             src/transceiver.o
transceiver_receiveMsg                            src/transceiver.o
transceiver_run                                   src/transceiver.o
                                                  src/Mikrocontrolle.o
transceiver_sendFinish                            src/transceiver.o
transceiver_sendMsg                               src/transceiver.o
turn_count                                        src/encoder.o
vfprintf                                          /usr/lib/gcc/avr/4.8.2/../../../avr/lib/avr5/libc.a(vfprintf_std.o)
                                                  /usr/lib/gcc/avr/4.8.2/../../../avr/lib/avr5/libc.a(printf.o)
write16                                           src/rfm69c.o
writeBurst                                        src/rfm69c.o
writeByte                                         src/rfm69c.o
writeTo                                           src/rfm69c.o
